// Jest Snapshot v1, https://goo.gl/fbAQLP

exports[`manifest validation failed when manifest is an empty object 1`] = `
"manifest.json: 
{
  \\"name\\" [1]: -- missing --
}

[1] \\"name\\" is required"
`;
